ReferenceError: transformedArticle0 is not defined